// Jest Snapshot v1, https://goo.gl/fbAQLP

exports[`should render NotFoundPage with expenses 1`] = `
<div>
  <p>
    Love404!!!! 
  </p>
  <Link
    to="/"
  >
    GoHomeVieJS
  </Link>
</div>
`;
